Token(type=While, lexeme=while, literal=null, line=1)
Token(type=LeftParen, lexeme=(, literal=null, line=1)
Token(type=Identifier, lexeme=i, literal=null, line=1)
Token(type=Less, lexeme=<, literal=null, line=1)
Token(type=Number, lexeme=10, literal=10, line=1)
Token(type=RightParen, lexeme=), literal=null, line=1)
Token(type=LeftBrace, lexeme={, literal=null, line=1)
Token(type=Identifier, lexeme=x, literal=null, line=1)
Token(type=Assign, lexeme==, literal=null, line=1)
Token(type=Identifier, lexeme=x, literal=null, line=1)
Token(type=Plus, lexeme=+, literal=null, line=1)
Token(type=Number, lexeme=4, literal=4, line=1)
Token(type=Semicolon, lexeme=;, literal=null, line=1)
Token(type=Identifier, lexeme=y, literal=null, line=1)
Token(type=Assign, lexeme==, literal=null, line=1)
Token(type=Number, lexeme=2, literal=2, line=1)
Token(type=Star, lexeme=*, literal=null, line=1)
Token(type=Identifier, lexeme=x, literal=null, line=1)
Token(type=Semicolon, lexeme=;, literal=null, line=1)
Token(type=RightBrace, lexeme=}, literal=null, line=1)
Token(type=Engk, lexeme=, literal=null, line=1)