Token(type=And, lexeme=and, literal=null, line=1)
Token(type=False, lexeme=false, literal=null, line=1)
Token(type=True, lexeme=true, literal=null, line=1)
Token(type=Evolve, lexeme=evolve, literal=null, line=1)
Token(type=Until, lexeme=until, literal=null, line=1)
Token(type=When, lexeme=when, literal=null, line=1)
Token(type=Nil, lexeme=nil, literal=null, line=1)
Token(type=Or, lexeme=or, literal=null, line=1)
Token(type=Print, lexeme=print, literal=null, line=1)
Token(type=Return, lexeme=return, literal=null, line=1)
Token(type=Var, lexeme=var, literal=null, line=1)
Token(type=Law, lexeme=law, literal=null, line=1)
Token(type=Entity, lexeme=entity, literal=null, line=1)
Token(type=Identifier, lexeme=andx, literal=null, line=2)
Token(type=Identifier, lexeme=Law, literal=null, line=2)
Token(type=Identifier, lexeme=_underscore, literal=null, line=2)
Token(type=Engk, lexeme=, literal=null, line=2)