Token(type=Number, lexeme=0, literal=0, line=1)
Token(type=Number, lexeme=123, literal=123, line=2)
Token(type=Number, lexeme=45.67, literal=45.67, line=3)
Token(type=Number, lexeme=5, literal=5, line=4)
Token(type=Dot, lexeme=., literal=null, line=4)
Token(type=Dot, lexeme=., literal=null, line=5)
Token(type=Number, lexeme=5, literal=5, line=5)
Token(type=Engk, lexeme=, literal=null, line=5)