Token(type=If, lexeme=if, literal=null, line=1)
Token(type=LeftParen, lexeme=(, literal=null, line=1)
Token(type=Number, lexeme=57, literal=57, line=1)
Token(type=Plus, lexeme=+, literal=null, line=1)
Token(type=Number, lexeme=10, literal=10, line=1)
Token(type=RightParen, lexeme=), literal=null, line=1)
Token(type=EqualTo, lexeme===, literal=null, line=1)
Token(type=Number, lexeme=67, literal=67, line=1)
Token(type=LeftBrace, lexeme={, literal=null, line=1)
Token(type=Print, lexeme=print, literal=null, line=1)
Token(type=StringLit, lexeme="hello", literal=hello, line=1)
Token(type=RightBrace, lexeme=}, literal=null, line=1)
Token(type=Else, lexeme=else, literal=null, line=1)
Token(type=LeftBrace, lexeme={, literal=null, line=1)
Token(type=Print, lexeme=print, literal=null, line=1)
Token(type=StringLit, lexeme="womp womp", literal=womp womp, line=1)
Token(type=RightBrace, lexeme=}, literal=null, line=1)
Token(type=Engk, lexeme=, literal=null, line=1)
